// Jest Snapshot v1, https://goo.gl/fbAQLP

exports[`<HomeScreen /> renders the page 1`] = `
<div>
  <main>
    <h1
      class="Text__StyledText-sc-1ul0hnu-0 cimzHl"
    >
      HomeScreen
    </h1>
    <p
      class="Text__StyledText-sc-1ul0hnu-0 cimzHl"
    >
      importando modulo local: @alura/utils/math/suma suma(2, 2): 
      4
       
    </p>
  </main>
</div>
`;
